[     368ms] [INFO] %cDownload the React DevTools for a better development experience: https://react.dev/link/react-devtools font-weight:bold @ http://localhost:3100/_next/static/chunks/node_modules_next_dist_1e8vcs8._.js:776
[     403ms] [LOG] [HMR] connected @ http://localhost:3100/_next/static/chunks/node_modules_next_dist_1e8vcs8._.js:776
[   77911ms] [LOG] [Fast Refresh] rebuilding @ http://localhost:3100/_next/static/chunks/node_modules_next_dist_1e8vcs8._.js:776
[   77987ms] [LOG] [Fast Refresh] done in 11ms @ http://localhost:3100/_next/static/chunks/node_modules_next_dist_1e8vcs8._.js:776
[  366459ms] [LOG] [Fast Refresh] rebuilding @ http://localhost:3100/_next/static/chunks/node_modules_next_dist_1e8vcs8._.js:776
[  366706ms] [LOG] [Fast Refresh] done in 77ms @ http://localhost:3100/_next/static/chunks/node_modules_next_dist_1e8vcs8._.js:776
[  375064ms] [LOG] [Fast Refresh] rebuilding @ http://localhost:3100/_next/static/chunks/node_modules_next_dist_1e8vcs8._.js:776
[  375090ms] [LOG] [Fast Refresh] done in 59ms @ http://localhost:3100/_next/static/chunks/node_modules_next_dist_1e8vcs8._.js:776
[  375406ms] [LOG] [Fast Refresh] done in 59ms @ http://localhost:3100/_next/static/chunks/node_modules_next_dist_1e8vcs8._.js:776
[  384874ms] [LOG] [Fast Refresh] rebuilding @ http://localhost:3100/_next/static/chunks/node_modules_next_dist_1e8vcs8._.js:776
[  384958ms] [LOG] [Fast Refresh] done in 3ms @ http://localhost:3100/_next/static/chunks/node_modules_next_dist_1e8vcs8._.js:776
[  393582ms] ReferenceError: Principles is not defined
    at HomePage (about://React/Server/file:///D:/NextJS/Chintai/frontend/.next/dev/server/chunks/ssr/%255Broot-of-the-server%255D__0o9x16i._.js?id=%255Bproject%255D/src/app/%255Blang%255D/(site)/page.tsx+%255Bapp-rsc%255D+(ecmascript)?204:200:265)
    at resolveErrorDev (http://localhost:3100/_next/static/chunks/node_modules_next_dist_compiled_react-server-dom-turbopack_164kp-6._.js:1937:150)
    at processFullStringRow (http://localhost:3100/_next/static/chunks/node_modules_next_dist_compiled_react-server-dom-turbopack_164kp-6._.js:2456:29)
    at processFullBinaryRow (http://localhost:3100/_next/static/chunks/node_modules_next_dist_compiled_react-server-dom-turbopack_164kp-6._.js:2415:9)
    at processBinaryChunk (http://localhost:3100/_next/static/chunks/node_modules_next_dist_compiled_react-server-dom-turbopack_164kp-6._.js:2524:221)
    at progress (http://localhost:3100/_next/static/chunks/node_modules_next_dist_compiled_react-server-dom-turbopack_164kp-6._.js:2711:13)
[  394529ms] [LOG] [Fast Refresh] rebuilding @ http://localhost:3100/_next/static/chunks/node_modules_next_dist_1e8vcs8._.js:776
[  394643ms] [LOG] [Fast Refresh] done in 191ms @ http://localhost:3100/_next/static/chunks/node_modules_next_dist_1e8vcs8._.js:776
[  395412ms] [LOG] [Fast Refresh] rebuilding @ http://localhost:3100/_next/static/chunks/node_modules_next_dist_1e8vcs8._.js:776
[  396407ms] [LOG] [Fast Refresh] done in 1111ms @ http://localhost:3100/_next/static/chunks/node_modules_next_dist_1e8vcs8._.js:776
[  396972ms] [LOG] [Fast Refresh] rebuilding @ http://localhost:3100/_next/static/chunks/node_modules_next_dist_1e8vcs8._.js:776
[  398087ms] [LOG] [Fast Refresh] done in 1226ms @ http://localhost:3100/_next/static/chunks/node_modules_next_dist_1e8vcs8._.js:776
[  398298ms] [LOG] [Fast Refresh] rebuilding @ http://localhost:3100/_next/static/chunks/node_modules_next_dist_1e8vcs8._.js:776
[  398316ms] [LOG] [Fast Refresh] done in 131ms @ http://localhost:3100/_next/static/chunks/node_modules_next_dist_1e8vcs8._.js:776
[  398544ms] [LOG] [Fast Refresh] rebuilding @ http://localhost:3100/_next/static/chunks/node_modules_next_dist_1e8vcs8._.js:776
[  399425ms] [LOG] [Fast Refresh] done in 989ms @ http://localhost:3100/_next/static/chunks/node_modules_next_dist_1e8vcs8._.js:776
[  399460ms] [ERROR] Failed to load resource: the server responded with a status of 500 (Internal Server Error) @ http://localhost:3100/bn:0
[  399644ms] [INFO] %cDownload the React DevTools for a better development experience: https://react.dev/link/react-devtools font-weight:bold @ http://localhost:3100/_next/static/chunks/node_modules_react-dom_0kla17-._.js:15093
[  399735ms] ReferenceError: ShieldCheck is not defined
    at Module.eval (file:///D:/NextJS/Chintai/frontend/.next/dev/server/chunks/ssr/%5Broot-of-the-server%5D__0o9x16i._.js?id=%5Bproject%5D/src/app/%5Blang%5D/(site)/page.tsx+%5Bapp-rsc%5D+(ecmascript):28:5)
    at <unknown> (file://D:\NextJS\Chintai\frontend\.next\dev\server\chunks\ssr\[turbopack]_runtime.js:1330:27)
    at runWithHooks (file://D:\NextJS\Chintai\frontend\.next\dev\server\chunks\ssr\[turbopack]_runtime.js:1592:9)
    at instantiateModuleShared (file://D:\NextJS\Chintai\frontend\.next\dev\server\chunks\ssr\[turbopack]_runtime.js:1328:9)
    at instantiateModule (file://D:\NextJS\Chintai\frontend\.next\dev\server\chunks\ssr\[turbopack]_runtime.js:1595:23)
    at getOrInstantiateModuleFromParent (file://D:\NextJS\Chintai\frontend\.next\dev\server\chunks\ssr\[turbopack]_runtime.js:1631:23)
    at Context.esmImport [as i] (file://D:\NextJS\Chintai\frontend\.next\dev\server\chunks\ssr\[turbopack]_runtime.js:352:20)
    at module evaluation (file://D:\NextJS\Chintai\frontend\.next\dev\server\chunks\ssr\[root-of-the-server]__15nmjzm._.js:540:47)
    at <unknown> (file://D:\NextJS\Chintai\frontend\.next\dev\server\chunks\ssr\[turbopack]_runtime.js:1330:27)
    at runWithHooks (file://D:\NextJS\Chintai\frontend\.next\dev\server\chunks\ssr\[turbopack]_runtime.js:1592:9)
    at instantiateModuleShared (file://D:\NextJS\Chintai\frontend\.next\dev\server\chunks\ssr\[turbopack]_runtime.js:1328:9)
    at instantiateModule (file://D:\NextJS\Chintai\frontend\.next\dev\server\chunks\ssr\[turbopack]_runtime.js:1595:23)
    at getOrInstantiateModuleFromParent (file://D:\NextJS\Chintai\frontend\.next\dev\server\chunks\ssr\[turbopack]_runtime.js:1631:23)
    at Context.commonJsRequire [as r] (file://D:\NextJS\Chintai\frontend\.next\dev\server\chunks\ssr\[turbopack]_runtime.js:373:12)
    at Array.<anonymous> (file://D:\NextJS\Chintai\frontend\.next\dev\server\chunks\ssr\node_modules_1pjshyw._.js:1923:300)
    at createFlightRouterStateFromLoaderTreeImpl (file://D:\NextJS\Chintai\frontend\node_modules\next\dist\compiled\next-server\app-page-turbo.runtime.dev.js:166:9837)
    at createFlightRouterStateFromLoaderTreeImpl (file://D:\NextJS\Chintai\frontend\node_modules\next\dist\compiled\next-server\app-page-turbo.runtime.dev.js:166:11345)
    at async createFlightRouterStateFromLoaderTreeImpl (file://D:\NextJS\Chintai\frontend\node_modules\next\dist\compiled\next-server\app-page-turbo.runtime.dev.js:166:11339)
    at async createFlightRouterStateFromLoaderTreeImpl (file://D:\NextJS\Chintai\frontend\node_modules\next\dist\compiled\next-server\app-page-turbo.runtime.dev.js:166:11339)
    at async getRSCPayload (file://D:\NextJS\Chintai\frontend\node_modules\next\dist\compiled\next-server\app-page-turbo.runtime.dev.js:172:47436)
    at async (file://D:\NextJS\Chintai\frontend\node_modules\next\dist\compiled\next-server\app-page-turbo.runtime.dev.js:173:22812)
    at async renderToHTMLOrFlightImpl (file://D:\NextJS\Chintai\frontend\node_modules\next\dist\compiled\next-server\app-page-turbo.runtime.dev.js:173:4140)
    at async doRender (file://D:\NextJS\Chintai\frontend\.next\dev\server\chunks\ssr\node_modules_1pjshyw._.js:919:32)
    at async AppPageRouteModule.handleResponse (file://D:\NextJS\Chintai\frontend\node_modules\next\dist\compiled\next-server\app-page-turbo.runtime.dev.js:216:84457)
    at async handleResponse (file://D:\NextJS\Chintai\frontend\.next\dev\server\chunks\ssr\node_modules_1pjshyw._.js:1287:36)
    at async Module.handler (file://D:\NextJS\Chintai\frontend\.next\dev\server\chunks\ssr\node_modules_1pjshyw._.js:1758:24)
    at async DevServer.renderToResponseWithComponentsImpl (file://D:\NextJS\Chintai\frontend\node_modules\next\dist\server\base-server.js:1537:9)
    at async DevServer.renderPageComponent (file://D:\NextJS\Chintai\frontend\node_modules\next\dist\server\base-server.js:1588:24)
    at async DevServer.renderToResponseImpl (file://D:\NextJS\Chintai\frontend\node_modules\next\dist\server\base-server.js:1638:32)
    at async DevServer.pipeImpl (file://D:\NextJS\Chintai\frontend\node_modules\next\dist\server\base-server.js:1088:25)
    at async NextNodeServer.handleCatchallRenderRequest (file://D:\NextJS\Chintai\frontend\node_modules\next\dist\server\next-server.js:338:17)
    at async DevServer.handleRequestImpl (file://D:\NextJS\Chintai\frontend\node_modules\next\dist\server\base-server.js:979:17)
    at async (file://D:\NextJS\Chintai\frontend\node_modules\next\dist\server\dev\next-dev-server.js:426:20)
    at async Span.traceAsyncFn (file://D:\NextJS\Chintai\frontend\node_modules\next\dist\trace\trace.js:164:20)
    at async DevServer.handleRequest (file://D:\NextJS\Chintai\frontend\node_modules\next\dist\server\dev\next-dev-server.js:422:24)
    at async invokeRender (file://D:\NextJS\Chintai\frontend\node_modules\next\dist\server\lib\router-server.js:306:21)
    at async handleRequest (file://D:\NextJS\Chintai\frontend\node_modules\next\dist\server\lib\router-server.js:508:24)
    at async requestHandlerImpl (file://D:\NextJS\Chintai\frontend\node_modules\next\dist\server\lib\router-server.js:565:13)
    at async Server.requestListener (file://D:\NextJS\Chintai\frontend\node_modules\next\dist\server\lib\start-server.js:225:13)
[  399736ms] [LOG] [HMR] connected @ http://localhost:3100/_next/static/chunks/node_modules_next_dist_1gdrd03._.js:756
[  400840ms] [ERROR] Failed to load resource: the server responded with a status of 404 (Not Found) @ http://localhost:3100/favicon.ico:0
[  403872ms] [WARNING] The resource http://localhost:3100/_next/static/chunks/%5Broot-of-the-server%5D__19vuu3q._.css was preloaded using link preload but not used within a few seconds from the window's load event. Please make sure it has an appropriate `as` value and it is preloaded intentionally. @ http://localhost:3100/bn:0
