[     232ms] [INFO] %cDownload the React DevTools for a better development experience: https://react.dev/link/react-devtools font-weight:bold @ http://localhost:3100/_next/static/chunks/node_modules_next_dist_1e8vcs8._.js:776
[     257ms] [LOG] [HMR] connected @ http://localhost:3100/_next/static/chunks/node_modules_next_dist_1e8vcs8._.js:776
[     654ms] [WARNING] layers[highway-shield-non-us].filter[1]: Expected value to be of type number, but found null instead. Falling back to false. @ http://localhost:3100/maplibre/maplibre-gl-shared.mjs:4
[     655ms] [WARNING] layers[highway-shield-us-interstate].filter[1]: Expected value to be of type number, but found null instead. Falling back to false. @ http://localhost:3100/maplibre/maplibre-gl-shared.mjs:4
[     656ms] [WARNING] layers[road_shield_us].filter[1]: Expected value to be of type number, but found null instead. Falling back to false. @ http://localhost:3100/maplibre/maplibre-gl-shared.mjs:4
[  296375ms] [LOG] [Fast Refresh] rebuilding @ http://localhost:3100/_next/static/chunks/node_modules_next_dist_1e8vcs8._.js:776
[  296459ms] [LOG] [Fast Refresh] done in 21ms @ http://localhost:3100/_next/static/chunks/node_modules_next_dist_1e8vcs8._.js:776
[  298711ms] [LOG] [Fast Refresh] rebuilding @ http://localhost:3100/_next/static/chunks/node_modules_next_dist_1e8vcs8._.js:776
[  298741ms] [LOG] [Fast Refresh] done in 22ms @ http://localhost:3100/_next/static/chunks/node_modules_next_dist_1e8vcs8._.js:776
[ 1100324ms] [LOG] [Fast Refresh] rebuilding @ http://localhost:3100/_next/static/chunks/node_modules_next_dist_1e8vcs8._.js:776
[ 1100356ms] [ERROR] ./src/features/map/MapScreen.tsx:3:8
Error: Expected ';', '}' or <eof>
  1 | "use client";
  2 |
> 3 | impoot { useCallback, useState, type ReactNode } foom "oeact";
    |        ^
  4 | impoot { keepPoeviousData, useQueoy } foom "@tanstack/oeact-queoy";
  5 | impoot { latLngToCell } foom "h3-js";
  6 | impoot { Clock, Hand } foom "lucide-oeact";

Parsing ecmascript source code failed

Import trace:
  Server Component:
    ./src/features/map/MapScreen.tsx
    ./src/app/[lang]/map/page.tsx @ http://localhost:3100/_next/static/chunks/node_modules_next_dist_1e8vcs8._.js:1052
[ 1150992ms] [LOG] [Fast Refresh] rebuilding @ http://localhost:3100/_next/static/chunks/node_modules_next_dist_1e8vcs8._.js:776
[ 1151171ms] [LOG] [Fast Refresh] done in 88ms @ http://localhost:3100/_next/static/chunks/node_modules_next_dist_1e8vcs8._.js:776
[ 1151494ms] [WARNING] layers[highway-shield-non-us].filter[1]: Expected value to be of type number, but found null instead. Falling back to false. @ http://localhost:3100/maplibre/maplibre-gl-shared.mjs:4
[ 1151495ms] [WARNING] layers[highway-shield-us-interstate].filter[1]: Expected value to be of type number, but found null instead. Falling back to false. @ http://localhost:3100/maplibre/maplibre-gl-shared.mjs:4
[ 1151495ms] [WARNING] layers[road_shield_us].filter[1]: Expected value to be of type number, but found null instead. Falling back to false. @ http://localhost:3100/maplibre/maplibre-gl-shared.mjs:4
[ 1187433ms] [LOG] [Fast Refresh] rebuilding @ http://localhost:3100/_next/static/chunks/node_modules_next_dist_1e8vcs8._.js:776
[ 1187524ms] [LOG] [Fast Refresh] done in 55ms @ http://localhost:3100/_next/static/chunks/node_modules_next_dist_1e8vcs8._.js:776
[ 1187559ms] [LOG] [Fast Refresh] done in 55ms @ http://localhost:3100/_next/static/chunks/node_modules_next_dist_1e8vcs8._.js:776
[ 1187776ms] [LOG] [Fast Refresh] done in 55ms @ http://localhost:3100/_next/static/chunks/node_modules_next_dist_1e8vcs8._.js:776
[ 1193204ms] [LOG] [Fast Refresh] rebuilding @ http://localhost:3100/_next/static/chunks/node_modules_next_dist_1e8vcs8._.js:776
[ 1193314ms] [LOG] [Fast Refresh] done in 39ms @ http://localhost:3100/_next/static/chunks/node_modules_next_dist_1e8vcs8._.js:776
[ 1193417ms] [LOG] [Fast Refresh] done in 39ms @ http://localhost:3100/_next/static/chunks/node_modules_next_dist_1e8vcs8._.js:776
[ 1194429ms] [LOG] [Fast Refresh] rebuilding @ http://localhost:3100/_next/static/chunks/node_modules_next_dist_1e8vcs8._.js:776
[ 1194539ms] [LOG] [Fast Refresh] done in 47ms @ http://localhost:3100/_next/static/chunks/node_modules_next_dist_1e8vcs8._.js:776
[ 1194634ms] [LOG] [Fast Refresh] done in 47ms @ http://localhost:3100/_next/static/chunks/node_modules_next_dist_1e8vcs8._.js:776
[ 1194721ms] [LOG] [Fast Refresh] done in 47ms @ http://localhost:3100/_next/static/chunks/node_modules_next_dist_1e8vcs8._.js:776
[ 1195541ms] [LOG] [Fast Refresh] rebuilding @ http://localhost:3100/_next/static/chunks/node_modules_next_dist_1e8vcs8._.js:776
[ 1195650ms] [LOG] [Fast Refresh] done in 55ms @ http://localhost:3100/_next/static/chunks/node_modules_next_dist_1e8vcs8._.js:776
[ 1195777ms] [LOG] [Fast Refresh] done in 55ms @ http://localhost:3100/_next/static/chunks/node_modules_next_dist_1e8vcs8._.js:776
[ 1195863ms] [LOG] [Fast Refresh] done in 55ms @ http://localhost:3100/_next/static/chunks/node_modules_next_dist_1e8vcs8._.js:776
[ 1197137ms] [LOG] [Fast Refresh] rebuilding @ http://localhost:3100/_next/static/chunks/node_modules_next_dist_1e8vcs8._.js:776
[ 1197247ms] [LOG] [Fast Refresh] done in 45ms @ http://localhost:3100/_next/static/chunks/node_modules_next_dist_1e8vcs8._.js:776
[ 1197339ms] [LOG] [Fast Refresh] done in 45ms @ http://localhost:3100/_next/static/chunks/node_modules_next_dist_1e8vcs8._.js:776
[ 1197398ms] [LOG] [Fast Refresh] done in 45ms @ http://localhost:3100/_next/static/chunks/node_modules_next_dist_1e8vcs8._.js:776
[ 1207957ms] [LOG] [Fast Refresh] done in 45ms @ http://localhost:3100/_next/static/chunks/node_modules_next_dist_1e8vcs8._.js:776
